<html>
<body>
<pre>
<h1>µVision Build Log</h1>
<h2>Project:</h2>
C:\Keil\EE319KwareSpring2018\Personal Projects\MusicBox\Music Box.uvproj
Project File Date:  05/04/2018

<h2>Output:</h2>
Rebuild target 'Target 1'
compiling MusicBox.c...
compiling ADC.c...
compiling DAC.c...
compiling PLL.c...
compiling Sound.c...
compiling ST7735.c...
compiling Timer0.c...
compiling Timer1.c...
compiling Timer2.c...
assembling startup.s...
assembling LCD.s...
linking...
Program Size: Code=5144 RO-data=2352 RW-data=5228 ZI-data=1124  
".\Music Box.axf" - 0 Error(s), 0 Warning(s).
Load "C:\\Keil\\EE319KwareSpring2018\\Personal Projects\\MusicBox\\Music Box.axf" 
Connecting: Mode=JTAG, Speed=1000000Hz
Erase Done.
Programming Done.
Verify OK.
ash Download failed  -  Target DLL has been cancelled
Load "C:\\Keil\\EE319KwareSpring2018\\Personal Projects\\MusicBox\\Music Box.axf" 
Connecting: Mode=JTAG, Speed=1000000Hz
Erase Done.
Programming Done.
Verify OK.
